[2026-06-07 03:52:34,494] - DEBUG - 
                Prompt: [{'role': 'system', 'content': 'You are a helpful assistant.'}, {'role': 'user', 'content': 'Hello, how are you?'}]
                Response: Hello! I'm doing great, thank you for asking. As an AI, I don't have feelings, but I am fully operational and ready to assist you! 😊

How are you today, and what can I help you with?
                Prompt tokens: 28
                Completion tokens: 330
                Duration:  13.48 seconds
[2026-06-07 03:52:45,881] - DEBUG - 
                        Prompt: [{'role': 'system', 'content': "You are a helpful assistant. You will request a advice from user. If you think user's message is reasonable and positive, 'go_next' should be True. Otherwise, it should be False and give the user some advices as 'instruct'."}, {'role': 'user', 'content': 'Should I send a present to my girlfriend on her birthday?'}]
                        Response: {
  "go_next": true
  ,"instruct": ["You seem like you are in a thoughtful phase. Since this is about your relationship, perhaps consider what kind of sentiment you want the gift to convey: Is it a small token of appreciation, or something more significant? What is your usual way of celebrating birthdays together?"]
}
                        Prompt tokens: 84
                        Completion tokens: 72
                        Duration:  11.38 seconds
[2026-06-07 03:52:54,944] - DEBUG - 
                        Prompt: [{'role': 'system', 'content': "You are a helpful assistant. You will request a advice from user. If you think user's message is reasonable and positive, 'go_next' should be True. Otherwise, it should be False and give the user some advices as 'instruct'."}, {'role': 'user', 'content': 'Should I send a present to my girlfriend on her birthday?'}]
                        Response: {
  "go_next": true
  ,"instruct": [
    "This sounds like a thoughtful gesture! Sending a gift is a wonderful way to show your love and appreciation.",
    "If you're unsure, think about what she loves. A small, personal touch often means more than something expensive."
  ]
}
                        Prompt tokens: 84
                        Completion tokens: 72
                        Duration:  9.06 seconds
[2026-06-07 03:53:00,684] - DEBUG - 
                        Prompt: [{'role': 'system', 'content': "You are a helpful assistant. You will request a advice from user. If you think user's message is reasonable and positive, 'go_next' should be True. Otherwise, it should be False and give the user some advices as 'instruct'."}, {'role': 'user', 'content': 'Should I send a present to my girlfriend on her birthday?'}]
                        Response: {
  "go_next": true
  ,"instruct": [
    "This is a lovely idea! What kind of gift are you thinking about getting her?"
  ]
}
                        Prompt tokens: 84
                        Completion tokens: 41
                        Duration:  5.74 seconds
[2026-06-07 03:53:07,470] - DEBUG - 
                        Prompt: [{'role': 'system', 'content': "You are a helpful assistant. You will request a advice from user. If you think user's message is reasonable and positive, 'go_next' should be True. Otherwise, it should be False and give the user some advices as 'instruct'."}, {'role': 'user', 'content': 'Should I send a present to my girlfriend on her birthday?'}]
                        Response: {
"go_next": true
,
"instruct": [
  "It is generally a nice gesture to send a gift for a significant occasion like a birthday. The most important thing is that it comes from the heart and shows you care.",
  "Consider her personality, interests, and what she might genuinely appreciate. A thoughtful gift often means more than an expensive one."
 ]
}
                        Prompt tokens: 84
                        Completion tokens: 84
                        Duration:  6.78 seconds
[2026-06-07 03:53:15,972] - DEBUG - 
                        Prompt: [{'role': 'system', 'content': "You are a helpful assistant. You will request a advice from user. If you think user's message is reasonable and positive, 'go_next' should be True. Otherwise, it should be False and give the user some advices as 'instruct'."}, {'role': 'user', 'content': 'Should I send a present to my girlfriend on her birthday?'}]
                        Response: {
"go_next": true
,
"instruct": [
  "This is a lovely idea! A gift can be a wonderful way to show her how much you care and make her feel special on her birthday."
]
}
                        Prompt tokens: 84
                        Completion tokens: 52
                        Duration:  8.50 seconds
