[2026-06-07 20:04:39,435] - INFO - Attempt 1 to call the API
[2026-06-07 20:06:27,197] - DEBUG - 
                        Prompt: [{'role': 'system', 'content': '\n# あなたの役割\nあなたは、ニアミスや事故について聞き取った内容をもとに、報告書を作成するエキスパートです。\n\n# あなたに与えられるデータ\n[SUMMARY]：これまでの会話をもとに、インタビュワーが作成した要約文です。要約文は、インタビュワーが聞き取った内容をもとに、あなたが報告書を作成するための材料となります。\n\n# あなたのタスク\nあなたのタスクは、[SUMMARY]をもとに、報告書を作成することです。報告書は、ニアミスや事故の内容を正確かつ簡潔に伝えるものでなければなりません。報告書は、以下のJSONスキーマに厳密に従ってJSONのみを返してください。\n\nスキーマ: {"$defs": {"AdditonalInfo": {"additionalProperties": false, "properties": {"普段と違った点": {"anyOf": [{"type": "string"}, {"type": "null"}], "default": null, "description": "通常の状況", "title": "普段と違った点"}, "原因": {"description": "報告者がインシデントの原因と考える要因", "items": {"type": "string"}, "title": "原因", "type": "array"}, "類似事象": {"description": "過去に発生した類似のインシデント", "items": {"type": "string"}, "title": "類似事象", "type": "array"}, "対策": {"description": "今後同様のインシデントを防止するために講じるべき対策", "items": {"type": "string"}, "title": "対策", "type": "array"}}, "required": ["原因", "類似事象", "対策"], "title": "AdditonalInfo", "type": "object"}, "BG_Affect": {"additionalProperties": false, "properties": {"モチベーション": {"anyOf": [{"type": "string"}, {"type": "null"}], "default": null, "description": "仕事に対する報告者のモチベーションのレベル", "title": "モチベーション"}, "職務満足度": {"anyOf": [{"type": "string"}, {"type": "null"}], "default": null, "description": "仕事に対する報告者の満足度のレベル", "title": "職務満足度"}, "組織コミットメント": {"anyOf": [{"type": "string"}, {"type": "null"}], "default": null, "description": "組織に対する報告者のコミットメントのレベル", "title": "組織コミットメント"}}, "title": "BG_Affect", "type": "object"}, "BG_Job": {"additionalProperties": false, "properties": {"難易度": {"anyOf": [{"type": "string"}, {"type": "null"}], "default": null, "description": "仕事の難易度の印象", "title": "難易度"}, "責任の重さ": {"anyOf": [{"type": "string"}, {"type": "null"}], "default": null, "description": "仕事の責任の重さの印象", "title": "責任の重さ"}, "スケジュール": {"anyOf": [{"type": "string"}, {"type": "null"}], "default": null, "description": "仕事のスケジュールの印象", "title": "スケジュール"}, "ワークロード": {"anyOf": [{"type": "string"}, {"type": "null"}], "default": null, "description": "仕事の負荷の印象", "title": "ワークロード"}, "ハードウェア環境": {"anyOf": [{"type": "string"}, {"type": "null"}], "default": null, "description": "仕事で使用される機器の印象", "title": "ハードウェア環境"}, "物理的環境": {"anyOf": [{"type": "string"}, {"type": "null"}], "default": null, "description": "仕事が行われる環境の印象", "title": "物理的環境"}, "ストレス": {"anyOf": [{"type": "string"}, {"type": "null"}], "default": null, "description": "仕事に関連するストレスのレベルの印象", "title": "ストレス"}}, "title": "BG_Job", "type": "object"}, "BG_Organization": {"additionalProperties": false, "properties": {"訓練_研修": {"anyOf": [{"type": "string"}, {"type": "null"}], "default": null, "description": "組織が提供するトレーニングに対する印象", "title": "訓練 研修"}, "情報共有_情報開示": {"anyOf": [{"type": "string"}, {"type": "null"}], "default": null, "description": "組織内の情報開示の慣行に対する印象", "title": "情報共有 情報開示"}, "リスクマネジメント": {"anyOf": [{"type": "string"}, {"type": "null"}], "default": null, "description": "組織のリスク管理の慣行に対する印象", "title": "リスクマネジメント"}, "意思決定": {"anyOf": [{"type": "string"}, {"type": "null"}], "default": null, "description": "組織の意思決定の慣行に対する印象", "title": "意思決定"}, "コミュニケーション": {"anyOf": [{"type": "string"}, {"type": "null"}], "default": null, "description": "組織内の異なるレベル間のコミュニケーションの慣行に対する印象", "title": "コミュニケーション"}, "経営理念_経営方針": {"anyOf": [{"type": "string"}, {"type": "null"}], "default": null, "description": "組織の方針や哲学に対する印象", "title": "経営理念 経営方針"}}, "title": "BG_Organization", "type": "object"}, "BG_Workplace": {"additionalProperties": false, "properties": {"同僚": {"anyOf": [{"type": "string"}, {"type": "null"}], "default": null, "description": "同僚との普段の関係", "title": "同僚"}, "上司": {"anyOf": [{"type": "string"}, {"type": "null"}], "default": null, "description": "上司との普段の関係", "title": "上司"}, "職場の雰囲気": {"anyOf": [{"type": "string"}, {"type": "null"}], "default": null, "description": "職場の雰囲気", "title": "職場の雰囲気"}}, "title": "BG_Workplace", "type": "object"}, "Background_Factors": {"additionalProperties": false, "properties": {"業務": {"anyOf": [{"$ref": "#/$defs/BG_Job"}, {"type": "null"}], "default": null, "description": "報告者の業務そのものに対する印象"}, "当人の心理": {"anyOf": [{"$ref": "#/$defs/BG_Affect"}, {"type": "null"}], "default": null, "description": "報告者自身に内在する要因についての情報"}, "職場": {"anyOf": [{"$ref": "#/$defs/BG_Workplace"}, {"type": "null"}], "default": null, "description": "報告者の職場に関連する情報"}, "組織": {"anyOf": [{"$ref": "#/$defs/BG_Organization"}, {"type": "null"}], "default": null, "description": "報告者の組織に関連する情報"}}, "title": "Background_Factors", "type": "object"}, "IncidentInfo": {"additionalProperties": false, "properties": {"日付": {"anyOf": [{"type": "string"}, {"type": "null"}], "default": null, "description": "インシデントの発生日", "title": "日付"}, "時刻": {"anyOf": [{"type": "string"}, {"type": "null"}], "default": null, "description": "インシデントの発生時刻", "title": "時刻"}, "場所": {"anyOf": [{"type": "string"}, {"type": "null"}], "default": null, "description": "インシデントの発生場所", "title": "場所"}, "概要": {"anyOf": [{"type": "string"}, {"type": "null"}], "default": null, "description": "起こったことの概要", "title": "概要"}}, "title": "IncidentInfo", "type": "object"}, "IncidentSituation": {"additionalProperties": false, "properties": {"当人_L": {"anyOf": [{"$ref": "#/$defs/MSHELL_Self"}, {"type": "null"}], "default": null, "description": "インシデント発生直前の報告者の行動、認知、感情"}, "ソフトウェア_S": {"anyOf": [{"$ref": "#/$defs/MSHELL_Software"}, {"type": "null"}], "default": null, "description": "インシデント発生時のソフトウェア環境"}, "ハードウェア_H": {"anyOf": [{"$ref": "#/$defs/MSHELL_Hardware"}, {"type": "null"}], "default": null, "description": "インシデント発生時のハードウェア環境"}, "物理環境_E": {"anyOf": [{"$ref": "#/$defs/MSHELL_Environment"}, {"type": "null"}], "default": null, "description": "インシデント発生時の物理的環境の状態"}, "周囲の人_L": {"anyOf": [{"$ref": "#/$defs/MSHELL_Others"}, {"type": "null"}], "default": null, "description": "インシデント発生時の報告者の周囲の人とその行動"}}, "title": "IncidentSituation", "type": "object"}, "MSHELL_Environment": {"additionalProperties": false, "properties": {"温度": {"anyOf": [{"type": "string"}, {"type": "null"}], "default": null, "description": "その時のその場の温度", "title": "温度"}, "湿度": {"anyOf": [{"type": "string"}, {"type": "null"}], "default": null, "description": "その時のその場の湿度", "title": "湿度"}, "騒音レベル": {"anyOf": [{"type": "string"}, {"type": "null"}], "default": null, "description": "その時のその場の騒音レベル", "title": "騒音レベル"}, "明るさ": {"anyOf": [{"type": "string"}, {"type": "null"}], "default": null, "description": "その時のその場の明るさ", "title": "明るさ"}, "広さ": {"anyOf": [{"type": "string"}, {"type": "null"}], "default": null, "description": "その時のその場の広さ", "title": "広さ"}, "障害物": {"anyOf": [{"type": "string"}, {"type": "null"}], "default": null, "description": "その時のその場にあった障害物", "title": "障害物"}, "その他": {"anyOf": [{"type": "string"}, {"type": "null"}], "default": null, "description": "その他，その時のその場の物理環境に関する情報", "title": "その他"}}, "title": "MSHELL_Environment", "type": "object"}, "MSHELL_Hardware": {"additionalProperties": false, "properties": {"機械": {"anyOf": [{"type": "string"}, {"type": "null"}], "default": null, "description": "その時に存在していた機械の種類や動作や状態", "title": "機械"}, "設備": {"anyOf": [{"type": "string"}, {"type": "null"}], "default": null, "description": "その時に存在していた設備の種類や状態", "title": "設備"}, "工具": {"anyOf": [{"type": "string"}, {"type": "null"}], "default": null, "description": "その時に使用されていた工具の種類や状態", "title": "工具"}, "アプリケーション": {"anyOf": [{"type": "string"}, {"type": "null"}], "default": null, "description": "その時に使用されていたアプリケーションの種類や状態", "title": "アプリケーション"}}, "title": "MSHELL_Hardware", "type": "object"}, "MSHELL_Others": {"additionalProperties": false, "properties": {"同僚": {"anyOf": [{"type": "string"}, {"type": "null"}], "default": null, "description": "その時のその場にいた同僚に関する情報", "title": "同僚"}, "上司": {"anyOf": [{"type": "string"}, {"type": "null"}], "default": null, "description": "その時のその場にいた上司に関する情報", "title": "上司"}, "顧客": {"anyOf": [{"type": "string"}, {"type": "null"}], "default": null, "description": "その時のその場にいた顧客に関する情報", "title": "顧客"}, "その他": {"anyOf": [{"type": "string"}, {"type": "null"}], "default": null, "description": "その時のその場にいたその他的人物に関する情報", "title": "その他"}}, "title": "MSHELL_Others", "type": "object"}, "MSHELL_Self": {"additionalProperties": false, "properties": {"行動": {"anyOf": [{"type": "string"}, {"type": "null"}], "default": null, "description": "事象発生直前の報告者の行動", "title": "行動"}, "見ていたもの": {"anyOf": [{"type": "string"}, {"type": "null"}], "default": null, "description": "事象発生直前の報告者が見ていたもの", "title": "見ていたもの"}, "聴いていたこと": {"anyOf": [{"type": "string"}, {"type": "null"}], "default": null, "description": "事象発生直前の報告者が聴いていたこと", "title": "聴いていたこと"}, "感情状態": {"anyOf": [{"type": "string"}, {"type": "null"}], "default": null, "description": "事象発生直前の報告者の感情状態", "title": "感情状態"}, "認知状態": {"anyOf": [{"type": "string"}, {"type": "null"}], "default": null, "description": "事象発生直前の報告者の認知状態", "title": "認知状態"}, "身体状態": {"anyOf": [{"type": "string"}, {"type": "null"}], "default": null, "description": "事象発生直前の報告者の身体状態", "title": "身体状態"}, "受けていた指示": {"anyOf": [{"type": "string"}, {"type": "null"}], "default": null, "description": "事象発生直前に報告者が受けた指示", "title": "受けていた指示"}, "受け取っていた情報": {"anyOf": [{"type": "string"}, {"type": "null"}], "default": null, "description": "事象発生直前に報告者が受け取っていた情報", "title": "受け取っていた情報"}}, "title": "MSHELL_Self", "type": "object"}, "MSHELL_Software": {"additionalProperties": false, "properties": {"マニュアル": {"anyOf": [{"type": "string"}, {"type": "null"}], "default": null, "description": "その時の作業についてのマニュアルの内容や配置", "title": "マニュアル"}, "手順": {"anyOf": [{"type": "string"}, {"type": "null"}], "default": null, "description": "その時の作業の手順", "title": "手順"}, "情報": {"anyOf": [{"type": "string"}, {"type": "null"}], "default": null, "description": "アラーム・警報・サイン・信号・表示等", "title": "情報"}}, "title": "MSHELL_Software", "type": "object"}, "ReporterInfo": {"additionalProperties": false, "properties": {"名前": {"anyOf": [{"type": "string"}, {"type": "null"}], "default": null, "description": "報告者の名前", "title": "名前"}, "年齢": {"anyOf": [{"type": "integer"}, {"type": "null"}], "default": null, "description": "報告者の年齢", "title": "年齢"}, "性別": {"anyOf": [{"type": "string"}, {"type": "null"}], "default": null, "description": "報告者の性別", "title": "性別"}, "職種": {"anyOf": [{"type": "string"}, {"type": "null"}], "default": null, "description": "報告者の職種", "title": "職種"}, "会社": {"anyOf": [{"type": "string"}, {"type": "null"}], "default": null, "description": "報告者所属の会社", "title": "会社"}, "勤続年数": {"anyOf": [{"type": "integer"}, {"type": "null"}], "default": null, "description": "報告者の勤続年数", "title": "勤続年数"}}, "title": "ReporterInfo", "type": "object"}}, "additionalProperties": false, "properties": {"報告者情報": {"$ref": "#/$defs/ReporterInfo", "description": "報告者の基本情報"}, "インシデントの概要": {"$ref": "#/$defs/IncidentInfo", "description": "インシデントの概要"}, "インシデント発生時の状況": {"$ref": "#/$defs/IncidentSituation", "description": "インシデント発生時の状況"}, "事象に至るまでの経緯": {"description": "インシデントに至るまでの一連の業務中の出来事", "title": "事象に至るまでの経緯", "type": "string"}, "背後要因": {"$ref": "#/$defs/Background_Factors", "description": "インシデントの発生に寄与した可能性のある背景要因・背後要因"}, "その他": {"$ref": "#/$defs/AdditonalInfo", "description": "その他の関連情報"}}, "required": ["報告者情報", "インシデントの概要", "インシデント発生時の状況", "事象に至るまでの経緯", "背後要因", "その他"], "title": "IncidentReport_J", "type": "object"}\n\n不明な箇所は「不明」としてください。\n\n# 出力の例:\n\n{\n  "報告者情報": {\n    "名前": "福井健太",\n    "年齢": 43,\n    "性別": null,\n    "職種": "トラック運転手",\n    "会社": null,\n    "勤続年数": 12\n  },\n  "インシデントの概要": {\n    "日付": "10月1日",\n    "時刻": "16:30頃",\n    "場所": "倉庫（トラック荷台周辺）",\n    "概要": "荷物の積み込みを終え、トラックの荷台から降りようとした際、リフターの中段（約30cm）に右足を置こうとしたところバランスを崩し、地面に落ちそうになった。とっさに荷台の縁を掴んで落下を免れた。"\n  },\n  "インシデント発生時の状況": {\n    "当人_L": {\n      "行動": "荷物の積み込みを終え、トラック荷台からリフター中段（約30cm）に右足を置いて降りようとしていた。体を荷台の真横に向け、リフターに体を預けるような姿勢で、足を置く際に少し体を前に倒してしまった。",\n      "見ていたもの": "リフターに足を置こうとした直前に荷物の状態を確認したが、念入りには見ていなかった。荷物は比較的安定していたが、重い荷物が一点に集中し少し偏っていた可能性がある。",\n      "聴いていたこと": "近くで同僚が仕事の相談か個人的な話をしており、その声が気になって集中力が途切れていた。具体的な会話内容は覚えていない。",\n      "感情状態": "スケジュールが遅れていたため「早く荷物を届けたい」という気持ちから焦っていた。",\n      "認知状態": "次の配送業務（顧客への荷物届け）について考えていた。普段はリフター使用に慣れているため特に不安はなかったが、疲労から普段より少し不安があった。",\n      "身体状態": "朝から長時間働き、休憩も短かったため疲労を感じており、体が重く感じていた。",\n      "受けていた指示": "朝の打ち合わせで当日の配送ルートと荷物の種類の説明を受けた。リフター使用に関する特別な指示やアラームはなかった。",\n      "受け取っていた情報": "リフター使用に関する特別なリスク情報は当日提供されなかった。倉庫内には「足元注意」「転倒注意」の安全標識があり、リフター周辺にも同様の標識が貼られていた。"\n    },\n    "ソフトウェア_S": {\n      "マニュアル": "リフターの簡単なマニュアルが存在し、設置方法と安全上の注意点が記載されていた。",\n      "手順": "普段はリフター使用前に設置場所の平坦確認・荷物の重さとバランスの確認・周囲の人や障害物の確認を行っている。当日は荷物のバランスを念入りに確認しなかった。",\n      "情報": "倉庫内に「足元注意」「転倒注意」の安全標識が複数設置されており、リフター周辺にも同様の標識があった。"\n    },\n    "ハードウェア_H": {\n      "機械": "リフター（中段位置で約30cm高さ。高さ調整ボタンが小さく操作しにくいとの認識あり）",\n      "設備": "倉庫（入り口付近の照明が昨日から少し暗くなっていた）",\n      "工具": "PC（配送リスト確認・伝票発行用）",\n      "アプリケーション": "スマートフォン（連絡・バーコードリーダー用）"\n    },\n    "物理環境_E": {\n      "温度": "少し暑かった",\n      "湿度": "高かった",\n      "騒音レベル": "他の作業員の声や機械の音で、いつもと変わらない程度",\n      "明るさ": "倉庫内全体は十分な明るさ。ただし倉庫入り口付近が昨日から少し暗くなっていた（照明の不良の可能性）。",\n      "広さ": "リフター設置場所は比較的広いスペース",\n      "障害物": "他の作業台や積み上げられた荷物が少しあったが、作業を妨げるほどではなかった。荷物の仕分けエリアは混雑しており、通路が普段より狭く感じた。",\n      "その他": "普段より3〜4人多い作業員がおり、特に荷物の仕分けエリアが混雑していた。"\n    },\n    "周囲の人_L": {\n      "同僚": "山田さんが近くで荷物の整理をしており、リフターに足を置こうとした瞬間に「気を付けて」と声をかけてくれた。別の同僚が事象発生直前に話しかけており、集中力が途切れた原因となった。",\n      "上司": null,\n      "顧客": null,\n      "その他": "普段より3〜4人多い作業員が倉庫内にいた。特別な人物ではなく、普段着の作業員。"\n    }\n  },\n  "事象に至るまでの経緯": "当日は午前6時に起床し、朝食後午前7時半に出勤した。出勤後まず当日の配送リストを確認し、担当荷物をピックアップした。その後倉庫に移動して積み込み作業を開始し、午前11時頃には担当荷物の積み込みを終了した。午後12時半に休憩室で昼食を取り、再び倉庫に戻って他の荷物の積み込み作業を継続した。午後から気温が上昇し、疲労を感じ始めた。スケジュールが遅れており早く荷物を届けたいという焦りもあった。午後16時頃、積み込み作業を終えてトラックの荷台から降りようとした。リフターは中段位置（約30cm高さ）にあり、普段の積み下ろし時の設定のままであったため特に気に留めなかった。右足をリフターに置こうとしたところ、体を少し前に倒してしまい、疲労・焦り・同僚の話し声による注意散漫が重なってバランスを崩し、地面に落ちそうになった。とっさに荷台の縁を掴んで落下を免れた。",\n  "背後要因": {\n    "業務": {\n      "難易度": "通常時は概ねスムーズだが、繁忙期（特に12月）は注文急増により時間的制約が厳しく、難易度が上がる。",\n      "責任の重さ": "納期遵守と荷物の安全運搬の両立に強い責任感を持っている。自分のミスが自身だけでなく周囲にも影響することを常に意識している。",\n      "スケジュール": "スケジュールはタイトで余裕が持ちにくい。繁忙期には時間的プレッシャーが大きく、焦りから安全確認を怠るリスクがある。当日もスケジュール遅延による焦りがあった。",\n      "ワークロード": "荷物の積み下ろし作業は体力的に負担が大きく、疲労が蓄積しやすい。特に重い荷物のリフター使用時に腰・膝への負担がかかる。長時間同じ姿勢での作業も疲労を増大させる。",\n      "ハードウェア環境": "PCの画面が小さく文字が小さいため目が疲れる。スマートフォンのバッテリーの持ちが悪い。リフターの高さ調整ボタンが小さく操作しにくい。",\n      "物理的環境": "倉庫内の整理整頓が不十分で作業スペースが狭くなりがち。商品の保管場所が曖昧で探すのに時間がかかる。通路が十分に確保されていないことがある。倉庫入り口付近の照明が不良になりつつある。",\n      "ストレス": "納期プレッシャーを常に感じている。繁忙期には精神的・肉体的に疲弊することがある。"\n    },\n    "当人の心理": {\n      "モチベーション": "高い。お客様からの感謝の言葉やチームとの協力による達成感からモチベーションを得ている。業務時間外に自主的に荷物の積み方・固定方法を学習し、週末にトラックの点検・清掃も行うほど仕事への意欲が高い。",\n      "職務満足度": "全体的には満足している。倉庫内の整理整頓不足や情報共有の改善点はあるが、やりがいのある仕事と感じている。",\n      "組織コミットメント": "非常に高い。12年間の在職経験から会社への帰属意識が強く、会社の成長と自身の成長を結びつけて考えている。"\n    },\n    "職場": {\n      "同僚": "良好。チームメンバーが協力し合い助け合いの精神が強く、困ったことがあれば気軽に相談できる関係。",\n      "上司": "良好。部下の意見に耳を傾けてくれる相談しやすい雰囲気がある。",\n      "職場の雰囲気": "落ち着いていて働きやすい環境。ただし全体的に活気が足りない面がある。朝・休憩時間・終業後のコミュニケーションが少なく、チームの連帯感向上の余地がある。"\n    },\n    "組織": {\n      "訓練_研修": "必要十分と感じている。入社時と更新時にリフターの使用教育（基本操作・安全注意点・異常時対応）を座学と実習で受けており、定期的な安全会議も開催されている。",\n      "情報共有_情報開示": "概ね満足しているが、部署間の情報共有が不十分な場合がある。新しい作業手順変更点（梱包材導入時・配送ルート変更時など）の情報共有が遅れることがあり、荷物破損や遅延が発生した事例がある。荷物の傷み具合・重量・特殊な取り扱い情報などの事前共有も不足している。",\n      "リスクマネジメント": "必要十分と感じている。定期的な安全会議でリスク管理情報が共有されている。",\n      "意思決定": "ある程度透明性があるが、現場の意見が反映されるまでに時間がかかることがある。",\n      "コミュニケーション": "上司との間は円滑だが、部署間のコミュニケーションはもう少し活発化が望ましい。",\n      "経営理念_経営方針": "内容は理解しているが、日々の業務にどのように繋がるのかが不明確に感じている。"\n    }\n  },\n  "普段と違った点": "①倉庫入り口付近の照明が昨日から少し暗くなっており（照明不良の可能性）、視界が悪く感じた。②当日はスケジュールが遅れており、普段より強い焦りがあった。③朝からの長時間作業と午後の気温上昇により、普段より疲労が蓄積していた。④倉庫内に普段より3〜4人多い作業員がおり（特に荷物の仕分けエリアが混雑）、通路が普段より狭く感じた。⑤リフターに足を置こうとした際、同僚の話し声が気になり注意が散漫になっていた。",\n  "原因": [\n    "疲労による集中力・バランス感覚の低下（朝からの長時間作業・短い休憩・午後の高温環境）",\n    "スケジュール遅延による焦り（次の配送を急いでいたため、リフター使用前の安全確認が不十分になった）",\n    "同僚の話し声による注意散漫（リフターに足を置こうとした直前に集中力が途切れた）",\n    "作業環境の問題（倉庫の混雑による通路の狭さ、入り口付近の照明不良）",\n    "情報共有の不足（作業手順・荷物情報・安全に関する情報が十分に共有されていなかった）"\n  ],\n  "類似事象": [\n    "数年前、同じ倉庫でのリフター使用中に荷物が偏ってバランスを崩しそうになった経験（荷台の縁を掴んで落下を免れた）",\n    "以前、同僚がリフターから落ちて怪我をしたのを目撃した"\n  ],\n  "対策": [\n    "リフター使用前の安全確認の徹底：リフターの位置・高さ・安定性の確認に加え、自身の体重がリフターにかかっていないか・バランスが取れているかを確認してから足を置く",\n    "荷物の積み下ろし作業に十分な時間を確保する：急いでいる状況でも、安全確認を省略しないよう意識する",\n    "倉庫内の整理整頓の改善：商品の保管場所の明確化、通路（特に積み下ろしエリア）の十分なスペース確保、定期的な整理整頓ルールの設定",\n    "情報共有プロセスの改善：作業手順変更・配送ルート変更・荷物情報（傷み・重量・特殊取り扱い）を変更前に迅速かつ分かりやすく共有する（メール・掲示板・朝礼の複数手段活用、FAQ作成）",\n    "倉庫入り口付近の照明の点検・修繕",\n    "適切な休憩時間の確保：疲労が蓄積しないよう休憩を十分に取れる作業スケジュールを組む",\n    "リフターの操作性改善：高さ調整ボタンをより押しやすい大きさに改良することを検討する"\n  ]\n}\n\n\n'}, {'role': 'user', 'content': '[Summary][SUMMARY]\n[PRIMARY SUMMARY]\nQuestion: 氏名、年齢、現在の職位や組織での経験など、自己紹介をしてください。\nReport: 足羽さくらと申します。28歳で、物流倉庫で工場作業員として3年ほど働いています。\nQuestion: 今回ニアミスやインシデントが起こった具体的な日付、時刻、現場の場所はいつ、どこか？\nReport: 2023年11月2日の午後2時頃に、会社の物流倉庫で原材料が入った段ボールを開梱していたときに発生した。\nQuestion: 当時の出来事（ヒヤリハットや事故）について、順を追って詳しく説明してほしい。\nReport: 原材料の段ボールを開梱中にカッターナイフを使用していた際、勢い余った刃が左手の指先に軽く当たった。手元に集中できていない状況で新品の鋭利なカッターを使っていたことが原因と考えられ、幸い浅い擦り傷で済んだが、大きな怪我につながる危険を感じた。\nQuestion: ニアミスの直前、具体的にどのようなことに意識を向けて作業を進めていたか？\nReport: 手元の作業だけに集中できておらず、隣の同僚との会話や上司からの「早く開けろ」という焦りなどにより、細かな作業への集中力が欠けていた。\nQuestion: 作業中に同僚と具体的にどのような会話をされていたのか？\nReport: 具体的な内容は覚えておらず、作業の合間に交わした日常的な話だったと思うが、はっきりとした内容を話すのは難しい。\nQuestion: 上司から具体的な状況や言葉について詳しく聞きたい。\nReport: 具体的な言葉をかけられた記憶はないが、全体的に作業ペースが速く、「もっと早く進めてほしい」といったプレッシャーを感じる空気感があったと述べている。\nQuestion: カッターでテープを切っている最中の具体的な動作（角度や力など）について詳しく教えてほしい。\nReport: 正確な角度や力の強さといった技術的な細部は覚えていないが、段ボールを押さえつけている状態で作業しており、「勢い余って」しまったのが原因だと認識している。\nQuestion: カッターでテープを切る動作を始める直前、足羽さんの頭の中では具体的にどのようなことを考えていたか？\nReport: 具体的な思考は思い出せないが、段ボールのテープの位置を確認し「ここから切る」といった単純な作業確認をしていた。強い目標意識はなく淡々とこなそうとしていたものの、「早く終わらせたい」という漠然とした気持ちはあった。\nQuestion: ニアミス発生直前の体調や疲労度、痛みや不快感を感じていた部位について教えてほしい。\nReport: 特に異常な体調の変化はなかった。午後の時間帯であったためある程度の疲労感はあったかもしれないが、特定の痛みや不快感を覚えている部位はなかった。\nQuestion: ニアミス発生直前の足羽さんの感情の状態はどのようなものだったか？\nReport: 「強いストレス」や「不安でパニックになっている」状態ではなかったが、周囲の雰囲気からくる「早く終わらせなければならない」という焦りやプレッシャーがあり、精神的に張り詰めた状態で作業に臨んでいた。平静を保とうとしていたものの、かなり緊張した状態だった。\nQuestion: ニアミス発生直前、作業やカッターを使うことに対して自信があったのか、不安を感じていたのか？当時の能力に対する感覚はどうか？\nReport: 作業自体は3年間続けているため「できる」という認識はあったが、当時は能力への不安よりも、「早く終わらせないと」という焦りや緊張感が勝っていた。原因は周囲の環境や時間的プレッシャーが大きすぎて、集中力をコントロールできていなかったことだと感じている。\nQuestion: ニアミスが発生した場所には、どのような機器やツールがあり、機械はどのように動作していたか？\nReport: 物流倉庫であり、主な道具はカッターナイフだった。目立った稼働中の機械はなく、周辺では他の同僚が荷物の開梱や仕分けを行っていた。\nQuestion: カッターナイフ以外に使われていた具体的なツールや機器について教えてほしい。\nReport: 具体的なツールの記憶はないが、段ボールを安定させるために左手で押し付けて作業していた。荷物運搬用の台車があった可能性はあるが、種類は思い出せない。\nQuestion: 周辺の同僚が使用していた道具や機械について教えてほしい。（例：段ボール運搬用の台車など）\nReport: 具体的な道具や機械は覚えていない。ただし、皆同じ作業をしていたため、基本的な手作業や一般的な台車のようなものは使われていたと推測するが、それ以上の詳細はない。\nQuestion: 物流倉庫周辺で、カッター作業以外にコンベアベルトやフォークリフトなどの大きな機械が稼働していたか？もしあれば、どのような動きをしていたか？\nReport: 身近な範囲では特に見ていないためわからない。何か大きな機械が動いていたかどうかは覚えていない。\nQuestion: ニアミス発生時、カッターナイフを使って段ボールのテープを切る動作（刃の動きや力など）について詳しく教えてほしい。\nReport: 素早く切断しようと、刃先をテープに当てて勢いよく押して進めるという動きだった。急かされていたため「早く切り終えたい」気持ちが強く力を入れてしまい、手元を見ずに作業していたことも影響している可能性がある。\nQuestion: 段ボール開梱作業に関して、会社として定められたマニュアルや具体的な手順書は存在したか？\nReport: 開梱の基本的な流れは分かっていたが、カッター使用時の細かな安全に関する「具体的な手順書」は見当たらず、どのくらいの力で切るべきかといった詳細なルールも明文化されていなかった。\nQuestion: ニアミス発生時、危険を示すアラームやサイン、上司からの特別な指示などはあったか？\nReport: カッター使用中や開梱作業中に「危険ですよ」といった警告のアラーム音やサインはなかった。また、上司からの特別な指示も記憶にないが、「早く荷物を開けてほしい」というプレッシャーだけを感じていた。\nQuestion: ニアミスが発生した当時の物流倉庫の作業場の温度は快適だったか？\nReport: 特に暑すぎたり寒すぎたりすることはなく、一般的な工場や倉庫で作業できる適度な気温であり、快適に働ける環境だった。\nQuestion: ニアミス発生時の物流倉庫の「湿度」は快適な状態だったか？\nReport: 特に気にした記憶はないが、適度な感じであり、過度に乾燥していたり蒸し暑い感覚はなかった。\nQuestion: ニアミス発生時の物流倉庫の「騒音レベル」は、作業に適したレベルだったか？\nReport: 耳障りなほどうるさくも静かすぎることもなく、同僚が荷物の開梱や仕分けをしている音はあったものの、作業に支障が出るほどの大きな騒音ではなかった。\nQuestion: ニアミス発生時の物流倉庫の照度（明るさ）は十分で、視認性に問題はなかったか？\nReport: 照明は十分に明るく、段ボールを開梱して作業する上で視認性の問題を感じる暗さはなかった。\nQuestion: ニアミスが発生した場所の作業エリアの広さと、周辺に危険をもたらす障害物があったか？\nReport: 作業エリアの正確な寸法は不明だが、段ボールを開梱して手が届く範囲で作業を行うには十分なスペースが確保されていた。特に目立った危険な大きな障害物はなく、積まれた荷物も直接的な妨げや危険を引き起こす配置ではなかった。\nQuestion: ニアミス発生時、普段あまり見かけないような人や珍しい物体が目の前に存在したか？もしあった場合、それらの配置や動きを教えてほしい。\nReport: 珍しい人や物体は目の前には存在せず、周囲は他の同僚たちがそれぞれの作業をしているいつもの日常的な物流倉庫の光景だった。特に変わった配置のものや動きをする人はいなかった。\nQuestion: ニアミス発生時、足羽さんのすぐ近くには他の誰か（同僚など）はいましたか？いたらどのような作業をされていたのか教えてください。\nReport: はい、隣に別の同僚がおり、私と同様に原材料の段ボールを開梱したり仕分けを行ったりしていました。具体的には、荷物の中身を確認しながら次の工程\nQuestion: 同僚とどのような具体的なお話ややり取りをされていたか？\nReport: 具体的な内容については詳しく覚えていないが、作業を進めながら仕事に関する簡単なやり取りや雑談をしていた。\nQuestion: ニアミスが発生した瞬間、隣の同僚はどのような行動をとっていたか？\nReport: 隣の同僚は自分の作業を続けており、特に動作を止めるなどの特別な行動を取っていた記憶はない。日常的に近くで一緒に開梱を進めていた状況だった。\nQuestion: ニアミスが発生した瞬間や作業過程で、「普段と比べて何かしらいつもと違うな」と感じた点はあるか？\nReport: 物理的な異常はなかったが、上司からの雰囲気もあり「時間的なプレッシャー」がいつもより強く感じていた。その結果、焦り気味にスピードを上げて作業しており、カッター使用時もスムーズに切りたいという気持ちが強くて動作への集中ができていなかった可能性がある。\nQuestion: ニアミスが発生した瞬間、隣の同僚はどのような行動をとっていたか？\nReport: 隣の同僚は自分の開梱作業をそのまま続けており、異常事態だと気づいて立ち止まるなどの特別な反応は見られなかった。\nQuestion: 上司とのコミュニケーションはどのような形で取られているか？業務の進め方に関する相談やフィードバックの機会はあるか？\nReport: 主に「この作業を進めてくれ」といった指示を受ける形がほとんどで、業務の進め方について相談したり本格的なフィードバックを受けたりする機会は少ない。ただし、急いでいる時にはプレッシャーを感じることもある。\nQuestion: ニアミスの瞬間や直後について、上司や同僚から何か声をかけるといったコミュニケーションはありましたか？\nReport: 特に注意を促すような声かけはなく、いつも通りの作業の音だけが聞こえていた。\n\nQuestion: 午前中の作業で取り扱っていた原材料の種類について詳しく教えてほしい。\nReport: 具体的な品目までは覚えていないが、「工場で使う材料」として取り扱っていたことは認識している。\nQuestion: 段ボールを開ける作業に取り掛かる直前、どのような手順を踏んでいたか？\nReport: まず段ボールの中身やテープの位置を目視で確認し、切るべき場所を判断してからカッターを手に取っていた。しかし、「早く切り終えたい」という気持ちから急ぎ足になり、手元を見ずに作業を始めてしまった。\nQuestion: カッターナイフの具体的な持ち方や、刃先をテープのどの部分に当てて切ろうとしていたかなど、使用動作の詳細を教えてほしい。\nReport: 技術的な細かい部分は正確には覚えていないが、「早く切り終えたい」という焦りから力を入れて勢いよく押し進めるように切っており、力が強すぎた可能性があると述べている。\nQuestion: ニアミスが発生した際、隣で作業していた同僚たちはどのような状態で作業しており、何か特定の点に注意を払っていたか？\nReport: 同僚たちはそれぞれ開梱や仕分けといった日常的な作業を続けており、異常事態だと気づいて立ち止まる様子はなかった。周囲の状況はいつもと変わらない印象だった。\nQuestion: カッターナイフを使用する際、危険性やリスクを意識していたか？また、そのリスクに対して特別な注意や工夫をしているか？\nReport: 「勢い余るのは危ない」「刃物は慎重に使わなければならない」という危険性は頭では理解し意識していたが、「絶対に手を離さない」といった具体的なルールを決めて実践しているわけではなく、基本的な「注意して使う」レベルで対応していた。\nQuestion: カッターの使用に関するリスク情報や具体的な安全指示（掲示物・マニュアル）は提供されていたか？\nReport: ニアミス発生場所や開梱エリアに、カッター使用のリスクを警告する詳細な掲示物は見当たらなかった。また、マニュアルも基本的な作業手順のみで、カッターの持ち方や切る力の目安といった具体的な危険回避のための指示は含まれていなかった。\nQuestion: ニアミスを防ぐために理想的だった状況（自身の行動面や作業環境・情報提供の面を含む）について教えてほしい。\nReport: 行動面では、焦りを感じたときに立ち\nQuestion: \nQuestion: 特に強いプレッシャーや緊張感を覚えるのはどのような状況か？\nReport: 作業量が急増したり、納期が迫っている時、特に他のメンバーの進捗に影響が出る場合に強く感じる。また、自分の作業がトラブルや不良品につながるような品質に関わる場面も大きなプレッシャーとなる。\nQuestion: 普段の業務の中で、「楽しい」「やりがいがある」と感じる瞬間や、モチベーションが高まる状況はどのような時か？\nReport: 作業が滞りなくスムーズに流れている時にやりがいを感じる。特に複雑な工程をミスなく完璧にこなせた瞬間に達成感があり、単なる機械的作業ではなく「論理的な流れの中に自分が組み込まれている」と感じられることがモチベーション\nQuestion: 仕事に対する満足度と、その理由について教えてください。\nReport: 概ね満足しているが、完全ではない。理由は、自分の役割を正確に果たし、「物事が計画通りに進んでいる」感覚を得られることによる達成感があるからである。ただし、納期や作業量のプレッシャーが大きい時や安全面への配慮がないと感じる時はストレスになるため、環境自体は完璧ではないという認識も持っている。\nQuestion: 作業プロセス全体、スケジュール感、仕事の負荷（量）について具体的にどのように感じているか？\nReport: 作業プロセス自体は明確で論理的であり、システムが確立されていると感じる。しかし、スケジュール感と仕事の負荷に関しては常にプレッシャーを感じており、納期がタイトな時や作業量が急増した際に不安が強くなる。上司からの焦りも流れを乱していると感じており、負荷やペース配\nQuestion: 普段作業している場所や使っている機械・道具類といった「職場の設備」の状態についてどう感じるか？\nReport: 作業環境は概ね問題なく、スペース確保や照明も十分である。使用する道具自体に物理的な故障はないが、「こう使うべきだ」「ここが危険だから注意しろ」といった具体的な安全な使用方法に関する表示やルールがない点が最も気になる。\nQuestion: 「具体的な安全な使用方法に関するルールがない」と感じる中で、特にどのような状況や動作をしている時に、「危険かもしれない」と強く感じたり、不安になったりするのか？\nReport: カッターナイフを使用している全般に危険性を感じるが、特に急いで焦っている時（勢いよくテープを切り始めるときなど）や、段ボールを片手で押さえて作業しているときなど、力のコントロールが難しくなり\nQuestion: 業務で使われているツールの中で、特に使い方に関する注意喚起や表示が最も必要だと感じるものはあるか？\nReport: カッターナイフ。焦りや勢いで力を入れすぎてしまう可能性があるためであり、「気を付けて使う」といった抽象的な注意ではなく、「避ける動作」「確認すべきタイミング」といった具体的な操作上の警告を求めている。\nQuestion: 組織や部署から仕事に関する情報（作業手順や新しいルールなど）を受け取る際、どのように感じているか？\nReport: 基本的には上司からの口頭指示で受け取ることが多いが、疑問が生じた際にすぐに詳細な資料を見返せないのが問題である。そのため、作業手順や危険回避に関する具体的な情報は、現場の目につく場所への掲示物（チェックリストやポスターなど）としていつでも見返せる形で提供されると助かる。\nQuestion: 職場の人間関係や雰囲気はどうですか？困ったことや不安なことがあったとき、気軽に相談したり助けを求めたりできる環境でしょうか？\nReport: 人間関係自体は悪くなく、業務上のやり取りはスムーズだが、「個人的な悩み」や「不安なこと」を気軽に相談\nQuestion: 会社の文化や仕事に対する価値観、皆が大切にしている雰囲気はどのようなものか？\nReport: 「とにかく効率よく、淡々と作業をこなすこと」と「システム通りに動くこと」が重視\nQuestion: 会社や部署では、作業者の安全を守るための「トレーニング」や「リスク管理」といった取り組みはどのような形で行われているか？\nReport: 入社時や\nQuestion: 会社全体の経営理念や方針は、現場の日常業務の中でどのように伝わってきていると感じるか？\nReport: 広報資料などで「品質第一」といった抽象的な理念は知っているが、それが日常の作業において具体的にどのような行動として求められているのか実感できていない。現場では、「納期」「作業スピード」「効率性」といった具体的な実務目標に焦点が当たっており、理想論と現実との間にギャップを感じている。\nQuestion: 会社の方針（品質第一など）は現場でどのような具体的な行動として求め\nQuestion: 「正確さ（品質）」と「スピード（納期）」という相反する目標が求められる際、どのような判断基準で行動しているか？また、組織としてどちらかの要素を優先させていると感じるか？\nReport: 理想は品質を落とさずに完璧に仕上げることだが、現実には上司からの強い時間的制約により「スピード」を優先せざるを得ない。現場の感覚では、「納期やスピード」\n\nQuestion: ニアミスの原因として、他に思い当たる要因はあるか？\nReport: 「焦り」や「手順の省略」に加え、「完璧主義的な集中状態がもたらす視野の狭まり」（作業への過度な没頭による注意力の散漫）という心理的要因も影響していた。\nQuestion: ニアミスの原因として、「焦り」や「手順の省略」に加え、完璧にこなそうとする強い意識が視野を狭め、周囲の状況を見落としたという分析は正確'}]
                        Response: {
  "報告者情報": {
    "名前": "足羽さくら",
    "年齢": 28,
    "性別": null,
    "職種": "工場作業員",
    "会社": null,
    "勤続年数": 3
  },
  "インシデントの概要": {
    "日付": "2023年11月2日",
    "時刻": "午後2時頃",
    "場所": "会社の物流倉庫",
    "概要": "原材料が入った段ボールを開梱中にカッターナイフを使用していた際、勢い余った刃が左手の指先に軽く当たり、浅い擦り傷を負った。大きな怪我につながる危険を感じたニアミスであった。"
  },
  "インシデント発生時の状況": {
    "当人_L": {
      "行動": "段ボールのテープの位置を確認した後、「早く切り終えたい」という焦りから力を入れて勢いよくカッターを押し進めて切断しようとしていた。",
      "見ていたもの": "手元の作業（テープの位置）は確認していたが、急ぎ足になったため細かな状況への集中力が欠けていた。",
      "聴いていたこと": "隣の同僚との日常的な会話や、上司からのプレッシャーを感じる空気感。具体的な内容は覚えていない。",
      "感情状態": "「早く終わらせなければならない」という焦りやプレッシャーがあり、精神的に張り詰めた緊張状態にあった。",
      "認知状態": "作業自体は3年間続けているため「できる」という認識はあったが、当時は能力への不安よりも時間的制約による焦りが勝っていた。",
      "身体状態": "特に異常な体調の変化や痛みはなかったが、午後の時間帯であったためある程度の疲労感はあったかもしれない。",
      "受けていた指示": "具体的な作業手順に関する特別な指示はなく、「もっと早く進めてほしい」といったペースを上げるよう求めるプレッシャーを感じていた。",
      "受け取っていた情報": "開梱の基本的な流れは分かっていたが、カッター使用時の細かな安全に関する具体的な手順書やルールは見当たらなかった。"
    },
    "ソフトウェア_S": {
      "マニュアル": "開梱の基本的な流れは把握していた。",
      "手順": "段ボールの中身やテープの位置を目視で確認し、切るべき場所を判断する手順を踏んでいたが、焦りから急ぎ足になった。",
      "情報": null
    },
    "ハードウェア_H": {
      "機械": null,
      "設備": "物流倉庫の作業場",
      "工具": "カッターナイフ（新品で鋭利なものを使用していた）",
      "アプリケーション": null
    },
    "物理環境_E": {
      "温度": "適度な気温であり、快適に働ける環境だった。",
      "湿度": "適度な感じであり、過度に乾燥していたり蒸し暑い感覚はなかった。",
      "騒音レベル": "作業に支障が出るほどの大きな騒音ではなかった。同僚の開梱や仕分けの音が聞こえていた。",
      "明るさ": "照明は十分に明るく、視認性の問題はなかった。",
      "広さ": "段ボールを開梱して手が届く範囲で作業を行うには十分なスペースが確保されていた。",
      "障害物": "特に目立った危険な大きな障害物はなく、積まれた荷物も直接的な妨げや危険を引き起こす配置ではなかった。",
      "その他": null
    },
    "周囲の人_L": {
      "同僚": "隣に別の同僚がおり、私と同様に原材料の段ボールを開梱したり仕分けを行ったりしていた。日常的に近くで一緒に作業を進めていた。",
      "上司": "現場全体に「もっと早く進めてほしい」といったプレッシャーを感じる空気感があった。",
      "顧客": null,
      "その他": null
    }
  },
  "事象に至るまでの経緯": "足羽さんは物流倉庫で工場作業員として3年間勤務していた。2023年11月2日午後2時頃、原材料が入った段ボールの開梱作業を行っていた。基本的な手順として、まず中身やテープの位置を目視で確認し、切るべき場所を判断してからカッターナイフを手に取った。しかし、上司からの「早く進めてほしい」というプレッシャーと、「早く終わらせたい」という漠然とした焦りから、急ぎ足になり、手元を見ずに作業を開始してしまった。カッターでテープを切断する際、素早く切り終えようと力を入れすぎて勢いよく押し進めた結果、刃が制御を失い、左手の指先に軽く当たってしまった。幸い浅い擦り傷で済んだものの、大きな怪我につながる危険を感じた。",
  "背後要因": {
    "業務": {
      "難易度": "通常は明確なプロセスがあるが、納期や作業量のプレッシャーにより精神的な負荷が高まることがある。",
      "責任の重さ": "自分の役割を正確に果たし、「物事が計画通りに進んでいる」感覚を得られることに達成感を感じている。品質への意識が高い。",
      "スケジュール": "常にプレッシャーがあり、納期がタイトな時や作業量が急増した際に不安が強くなる。",
      "ワークロード": "作業量は明確だが、時間的制約とスピード優先の文化により精神的な負荷が大きい。",
      "ハードウェア環境": "使用する道具（カッターナイフ）自体に物理的な故障はないが、「安全な使用方法」に関する具体的な表示やルールがない点が問題である。",
      "物理的環境": "作業場は概ね快適で、スペース確保や照明も十分であった。",
      "ストレス": "納期プレッシャーや上司からのペースアップ要求により強い精神的ストレスを感じている。"
    },
    "当人の心理": {
      "モチベーション": "高い。作業が滞りなくスムーズに流れている時や、複雑な工程をミスなく完璧にこなせた瞬間に達成感を得る。",
      "職務満足度": "概ね満足しているが、納期や安全面への配慮がないと感じる時はストレスとなるため、環境は完全ではないという認識がある。",
      "組織コミットメント": null
    },
    "職場": {
      "同僚": "人間関係自体は悪くなく、業務上のやり取りはスムーズである。",
      "上司": "主に「この作業を進めてくれ」といった指示を受ける形が中心で、相談や本格的なフィードバックの機会は少ない。プレッシャーを感じる空気感がある。",
      "職場の雰囲気": "「とにかく効率よく、淡々と作業をこなすこと」「システム通りに動くこと」が重視される文化である。"
    },
    "組織": {
      "訓練_研修": null,
      "情報共有_情報開示": "基本的な手順は上司からの口頭指示で受け取るが、疑問が生じた際に詳細な資料を見返せないのが問題。具体的な危険回避に関する情報は現場での掲示物として提供されていない。",
      "リスクマネジメント": null,
      "意思決定": null,
      "コミュニケーション": "業務上のやり取りはスムーズだが、上司からの指示が中心であり、相談やフィードバックの機会は少ない。",
      "経営理念_経営方針": "「品質第一」といった抽象的な理念は知っているが、現場では「納期」「作業スピード」「効率性」という実務目標に焦点が当たっており、理想論と現実との間にギャップを感じている。"
    }
  },
  "その他": {
    "原因": [
      "時間的プレッシャーによる焦り（上司からのペースアップ要求や納期への意識）",
      "集中力の散漫（手元の作業だけでなく、周囲の会話や環境的なプレッシャーに注意が向いていたため）",
      "安全手順の不備（カッター使用時の具体的な危険回避方法や切る力の目安といった詳細なルールが明文化されていなかったこと）",
      "心理的要因（完璧主義的な集中状態による視野の狭まりと、焦りによる動作への過度な力み）"
    ],
    "類似事象": [
      "不明"
    ],
    "対策": [
      "カッターナイフ使用時の具体的な安全手順書の作成と周知徹底（切る力の目安、避けるべき動作、確認すべきタイミングなど）。",
      "現場でのリスク警告の強化：開梱エリアや作業場所に、カッター使用に関する具体的で視覚的な危険回避ポスターやチェックリストを掲示する。",
      "心理的プレッシャーの緩和策導入：納期やスピードだけでなく、安全と品質を優先できる環境づくり（例：無理のないペース設定、休憩時間の確保）。",
      "情報共有プロセスの改善：作業手順変更や危険回避に関する情報を、口頭指示だけでなく、いつでも参照可能な形で現場に提供する。",
      "業務負荷の適正化：急激な作業量増加時における人員配置の見直しや、優先順位付けの明確化。"
    ]
  }
}
                        Prompt tokens: 10704
                        Completion tokens: 2046
                        Duration:  107.75 seconds
[2026-06-07 20:06:27,198] - INFO - Successfully parsed JSON after repair attempt
